Info: Starting: Create block symbol file (.bsf)
Info: qsys-generate D:\HK6\SoC_Design\Project\system.qsys --block-symbol-file --output-directory=D:\HK6\SoC_Design\Project\system --family="Cyclone V" --part=5CSEMA5F31C6
Progress: Loading Project/system.qsys
Progress: Reading input file
Progress: Adding camera_system_0 [camera_system 1.0]
Progress: Parameterizing module camera_system_0
Progress: Adding clock [clock_source 18.1]
Progress: Parameterizing module clock
Progress: Adding jtag_uart_0 [altera_avalon_jtag_uart 18.1]
Progress: Parameterizing module jtag_uart_0
Progress: Adding new_sdram_controller_0 [altera_avalon_new_sdram_controller 18.1]
Progress: Parameterizing module new_sdram_controller_0
Progress: Adding nios2_gen2_0 [altera_nios2_gen2 18.1]
Progress: Parameterizing module nios2_gen2_0
Progress: Adding onchip_memory2_0 [altera_avalon_onchip_memory2 18.1]
Progress: Parameterizing module onchip_memory2_0
Progress: Adding vga_system_0 [vga_system 1.0]
Progress: Parameterizing module vga_system_0
Progress: Building connections
Progress: Parameterizing connections
Progress: Validating
Progress: Done reading input file
Info: system.jtag_uart_0: JTAG UART IP input clock need to be at least double (2x) the operating frequency of JTAG TCK on board
Info: system.new_sdram_controller_0: SDRAM Controller will only be supported in Quartus Prime Standard Edition in the future release.
Info: qsys-generate succeeded.
Info: Finished: Create block symbol file (.bsf)
Info: 
Info: Starting: Create HDL design files for synthesis
Info: qsys-generate D:\HK6\SoC_Design\Project\system.qsys --synthesis=VERILOG --output-directory=D:\HK6\SoC_Design\Project\system\synthesis --family="Cyclone V" --part=5CSEMA5F31C6
Progress: Loading Project/system.qsys
Progress: Reading input file
Progress: Adding camera_system_0 [camera_system 1.0]
Progress: Parameterizing module camera_system_0
Progress: Adding clock [clock_source 18.1]
Progress: Parameterizing module clock
Progress: Adding jtag_uart_0 [altera_avalon_jtag_uart 18.1]
Progress: Parameterizing module jtag_uart_0
Progress: Adding new_sdram_controller_0 [altera_avalon_new_sdram_controller 18.1]
Progress: Parameterizing module new_sdram_controller_0
Progress: Adding nios2_gen2_0 [altera_nios2_gen2 18.1]
Progress: Parameterizing module nios2_gen2_0
Progress: Adding onchip_memory2_0 [altera_avalon_onchip_memory2 18.1]
Progress: Parameterizing module onchip_memory2_0
Progress: Adding vga_system_0 [vga_system 1.0]
Progress: Parameterizing module vga_system_0
Progress: Building connections
Progress: Parameterizing connections
Progress: Validating
Progress: Done reading input file
Info: system.jtag_uart_0: JTAG UART IP input clock need to be at least double (2x) the operating frequency of JTAG TCK on board
Info: system.new_sdram_controller_0: SDRAM Controller will only be supported in Quartus Prime Standard Edition in the future release.
Info: system: Generating system "system" for QUARTUS_SYNTH
Info: camera_system_0: "system" instantiated camera_system "camera_system_0"
Info: jtag_uart_0: Starting RTL generation for module 'system_jtag_uart_0'
Info: jtag_uart_0:   Generation command is [exec D:/apps/study/quartus18.1/quartus/bin64/perl/bin/perl.exe -I D:/apps/study/quartus18.1/quartus/bin64/perl/lib -I D:/apps/study/quartus18.1/quartus/sopc_builder/bin/europa -I D:/apps/study/quartus18.1/quartus/sopc_builder/bin/perl_lib -I D:/apps/study/quartus18.1/quartus/sopc_builder/bin -I D:/apps/study/quartus18.1/quartus/../ip/altera/sopc_builder_ip/common -I D:/apps/study/quartus18.1/quartus/../ip/altera/sopc_builder_ip/altera_avalon_jtag_uart -- D:/apps/study/quartus18.1/quartus/../ip/altera/sopc_builder_ip/altera_avalon_jtag_uart/generate_rtl.pl --name=system_jtag_uart_0 --dir=C:/Users/admin/AppData/Local/Temp/alt0600_5472325589898113810.dir/0006_jtag_uart_0_gen/ --quartus_dir=D:/apps/study/quartus18.1/quartus --verilog --config=C:/Users/admin/AppData/Local/Temp/alt0600_5472325589898113810.dir/0006_jtag_uart_0_gen//system_jtag_uart_0_component_configuration.pl  --do_build_sim=0  ]
Info: jtag_uart_0: Done RTL generation for module 'system_jtag_uart_0'
Info: jtag_uart_0: "system" instantiated altera_avalon_jtag_uart "jtag_uart_0"
Info: new_sdram_controller_0: Starting RTL generation for module 'system_new_sdram_controller_0'
Info: new_sdram_controller_0:   Generation command is [exec D:/apps/study/quartus18.1/quartus/bin64/perl/bin/perl.exe -I D:/apps/study/quartus18.1/quartus/bin64/perl/lib -I D:/apps/study/quartus18.1/quartus/sopc_builder/bin/europa -I D:/apps/study/quartus18.1/quartus/sopc_builder/bin/perl_lib -I D:/apps/study/quartus18.1/quartus/sopc_builder/bin -I D:/apps/study/quartus18.1/quartus/../ip/altera/sopc_builder_ip/common -I D:/apps/study/quartus18.1/quartus/../ip/altera/sopc_builder_ip/altera_avalon_new_sdram_controller -- D:/apps/study/quartus18.1/quartus/../ip/altera/sopc_builder_ip/altera_avalon_new_sdram_controller/generate_rtl.pl --name=system_new_sdram_controller_0 --dir=C:/Users/admin/AppData/Local/Temp/alt0600_5472325589898113810.dir/0007_new_sdram_controller_0_gen/ --quartus_dir=D:/apps/study/quartus18.1/quartus --verilog --config=C:/Users/admin/AppData/Local/Temp/alt0600_5472325589898113810.dir/0007_new_sdram_controller_0_gen//system_new_sdram_controller_0_component_configuration.pl  --do_build_sim=0  ]
Info: new_sdram_controller_0: Done RTL generation for module 'system_new_sdram_controller_0'
Info: new_sdram_controller_0: "system" instantiated altera_avalon_new_sdram_controller "new_sdram_controller_0"
Info: nios2_gen2_0: "system" instantiated altera_nios2_gen2 "nios2_gen2_0"
Info: onchip_memory2_0: Starting RTL generation for module 'system_onchip_memory2_0'
Info: onchip_memory2_0:   Generation command is [exec D:/apps/study/quartus18.1/quartus/bin64/perl/bin/perl.exe -I D:/apps/study/quartus18.1/quartus/bin64/perl/lib -I D:/apps/study/quartus18.1/quartus/sopc_builder/bin/europa -I D:/apps/study/quartus18.1/quartus/sopc_builder/bin/perl_lib -I D:/apps/study/quartus18.1/quartus/sopc_builder/bin -I D:/apps/study/quartus18.1/quartus/../ip/altera/sopc_builder_ip/common -I D:/apps/study/quartus18.1/quartus/../ip/altera/sopc_builder_ip/altera_avalon_onchip_memory2 -- D:/apps/study/quartus18.1/quartus/../ip/altera/sopc_builder_ip/altera_avalon_onchip_memory2/generate_rtl.pl --name=system_onchip_memory2_0 --dir=C:/Users/admin/AppData/Local/Temp/alt0600_5472325589898113810.dir/0008_onchip_memory2_0_gen/ --quartus_dir=D:/apps/study/quartus18.1/quartus --verilog --config=C:/Users/admin/AppData/Local/Temp/alt0600_5472325589898113810.dir/0008_onchip_memory2_0_gen//system_onchip_memory2_0_component_configuration.pl  --do_build_sim=0  ]
Info: onchip_memory2_0: Done RTL generation for module 'system_onchip_memory2_0'
Info: onchip_memory2_0: "system" instantiated altera_avalon_onchip_memory2 "onchip_memory2_0"
Info: vga_system_0: "system" instantiated vga_system "vga_system_0"
Info: Reusing file D:/HK6/SoC_Design/Project/system/synthesis/submodules/dc_fifo.v
Info: Reusing file D:/HK6/SoC_Design/Project/system/synthesis/submodules/bin_to_gray.v
Info: Reusing file D:/HK6/SoC_Design/Project/system/synthesis/submodules/synchronizer.v
Info: avalon_st_adapter: Inserting error_adapter: error_adapter_0
Info: avalon_st_adapter_001: Inserting error_adapter: error_adapter_0
Info: avalon_st_adapter_002: Inserting error_adapter: error_adapter_0
Info: avalon_st_adapter_003: Inserting error_adapter: error_adapter_0
Info: mm_interconnect_0: "system" instantiated altera_mm_interconnect "mm_interconnect_0"
Info: irq_mapper: "system" instantiated altera_irq_mapper "irq_mapper"
Info: rst_controller: "system" instantiated altera_reset_controller "rst_controller"
Info: cpu: Starting RTL generation for module 'system_nios2_gen2_0_cpu'
Info: cpu:   Generation command is [exec D:/Apps/Study/Quartus18.1/quartus/bin64//eperlcmd.exe -I D:/Apps/Study/Quartus18.1/quartus/bin64//perl/lib -I D:/apps/study/quartus18.1/quartus/sopc_builder/bin/europa -I D:/apps/study/quartus18.1/quartus/sopc_builder/bin/perl_lib -I D:/apps/study/quartus18.1/quartus/sopc_builder/bin -I D:/apps/study/quartus18.1/quartus/../ip/altera/nios2_ip/altera_nios2_gen2/cpu_lib -I D:/apps/study/quartus18.1/quartus/../ip/altera/nios2_ip/altera_nios2_gen2/nios_lib -I D:/apps/study/quartus18.1/quartus/../ip/altera/nios2_ip/altera_nios2_gen2 -I D:/apps/study/quartus18.1/quartus/../ip/altera/nios2_ip/altera_nios2_gen2 -- D:/apps/study/quartus18.1/quartus/../ip/altera/nios2_ip/altera_nios2_gen2/generate_rtl.epl --name=system_nios2_gen2_0_cpu --dir=C:/Users/admin/AppData/Local/Temp/alt0600_5472325589898113810.dir/0012_cpu_gen/ --quartus_bindir=D:/Apps/Study/Quartus18.1/quartus/bin64/ --verilog --config=C:/Users/admin/AppData/Local/Temp/alt0600_5472325589898113810.dir/0012_cpu_gen//system_nios2_gen2_0_cpu_processor_configuration.pl  --do_build_sim=0  ]
Info: cpu: # 2026.05.27 11:19:22 (*) Starting Nios II generation
Info: cpu: # 2026.05.27 11:19:22 (*)   Checking for plaintext license.
Info: cpu: # 2026.05.27 11:19:23 (*)   Couldn't query license setup in Quartus directory D:/Apps/Study/Quartus18.1/quartus/bin64/
Info: cpu: # 2026.05.27 11:19:23 (*)   Defaulting to contents of LM_LICENSE_FILE environment variable
Info: cpu: # 2026.05.27 11:19:23 (*)   LM_LICENSE_FILE environment variable is empty
Info: cpu: # 2026.05.27 11:19:23 (*)   Plaintext license not found.
Info: cpu: # 2026.05.27 11:19:23 (*)   No license required to generate encrypted Nios II/e.
Info: cpu: # 2026.05.27 11:19:23 (*)   Elaborating CPU configuration settings
Info: cpu: # 2026.05.27 11:19:23 (*)   Creating all objects for CPU
Info: cpu: # 2026.05.27 11:19:24 (*)   Generating RTL from CPU objects
Info: cpu: # 2026.05.27 11:19:24 (*)   Creating plain-text RTL
Info: cpu: # 2026.05.27 11:19:25 (*) Done Nios II generation
Info: cpu: Done RTL generation for module 'system_nios2_gen2_0_cpu'
Info: cpu: "nios2_gen2_0" instantiated altera_nios2_gen2_unit "cpu"
Info: camera_system_0_avalon_master_translator: "mm_interconnect_0" instantiated altera_merlin_master_translator "camera_system_0_avalon_master_translator"
Info: new_sdram_controller_0_s1_translator: "mm_interconnect_0" instantiated altera_merlin_slave_translator "new_sdram_controller_0_s1_translator"
Info: camera_system_0_avalon_master_agent: "mm_interconnect_0" instantiated altera_merlin_master_agent "camera_system_0_avalon_master_agent"
Info: new_sdram_controller_0_s1_agent: "mm_interconnect_0" instantiated altera_merlin_slave_agent "new_sdram_controller_0_s1_agent"
Info: new_sdram_controller_0_s1_agent_rsp_fifo: "mm_interconnect_0" instantiated altera_avalon_sc_fifo "new_sdram_controller_0_s1_agent_rsp_fifo"
Info: router: "mm_interconnect_0" instantiated altera_merlin_router "router"
Info: router_002: "mm_interconnect_0" instantiated altera_merlin_router "router_002"
Info: router_003: "mm_interconnect_0" instantiated altera_merlin_router "router_003"
Info: router_004: "mm_interconnect_0" instantiated altera_merlin_router "router_004"
Info: router_005: "mm_interconnect_0" instantiated altera_merlin_router "router_005"
Info: router_006: "mm_interconnect_0" instantiated altera_merlin_router "router_006"
Info: new_sdram_controller_0_s1_burst_adapter: "mm_interconnect_0" instantiated altera_merlin_burst_adapter "new_sdram_controller_0_s1_burst_adapter"
Info: cmd_demux: "mm_interconnect_0" instantiated altera_merlin_demultiplexer "cmd_demux"
Info: cmd_demux_002: "mm_interconnect_0" instantiated altera_merlin_demultiplexer "cmd_demux_002"
Info: cmd_demux_003: "mm_interconnect_0" instantiated altera_merlin_demultiplexer "cmd_demux_003"
Info: cmd_mux: "mm_interconnect_0" instantiated altera_merlin_multiplexer "cmd_mux"
Info: cmd_mux_001: "mm_interconnect_0" instantiated altera_merlin_multiplexer "cmd_mux_001"
Info: Reusing file D:/HK6/SoC_Design/Project/system/synthesis/submodules/altera_merlin_arbitrator.sv
Info: cmd_mux_002: "mm_interconnect_0" instantiated altera_merlin_multiplexer "cmd_mux_002"
Info: Reusing file D:/HK6/SoC_Design/Project/system/synthesis/submodules/altera_merlin_arbitrator.sv
Info: rsp_demux: "mm_interconnect_0" instantiated altera_merlin_demultiplexer "rsp_demux"
Info: rsp_demux_001: "mm_interconnect_0" instantiated altera_merlin_demultiplexer "rsp_demux_001"
Info: rsp_mux: "mm_interconnect_0" instantiated altera_merlin_multiplexer "rsp_mux"
Info: Reusing file D:/HK6/SoC_Design/Project/system/synthesis/submodules/altera_merlin_arbitrator.sv
Info: rsp_mux_002: "mm_interconnect_0" instantiated altera_merlin_multiplexer "rsp_mux_002"
Info: Reusing file D:/HK6/SoC_Design/Project/system/synthesis/submodules/altera_merlin_arbitrator.sv
Info: rsp_mux_003: "mm_interconnect_0" instantiated altera_merlin_multiplexer "rsp_mux_003"
Info: Reusing file D:/HK6/SoC_Design/Project/system/synthesis/submodules/altera_merlin_arbitrator.sv
Info: nios2_gen2_0_data_master_to_new_sdram_controller_0_s1_cmd_width_adapter: "mm_interconnect_0" instantiated altera_merlin_width_adapter "nios2_gen2_0_data_master_to_new_sdram_controller_0_s1_cmd_width_adapter"
Info: Reusing file D:/HK6/SoC_Design/Project/system/synthesis/submodules/altera_merlin_address_alignment.sv
Info: Reusing file D:/HK6/SoC_Design/Project/system/synthesis/submodules/altera_merlin_burst_uncompressor.sv
Info: avalon_st_adapter: "mm_interconnect_0" instantiated altera_avalon_st_adapter "avalon_st_adapter"
Info: avalon_st_adapter_001: "mm_interconnect_0" instantiated altera_avalon_st_adapter "avalon_st_adapter_001"
Info: error_adapter_0: "avalon_st_adapter" instantiated error_adapter "error_adapter_0"
Info: error_adapter_0: "avalon_st_adapter_001" instantiated error_adapter "error_adapter_0"
Info: system: Done "system" with 39 modules, 68 files
Info: qsys-generate succeeded.
Info: Finished: Create HDL design files for synthesis
