Flow report for doan
Sat May 30 15:37:02 2026
Quartus Prime Version 18.1.0 Build 625 09/12/2018 SJ Lite Edition


---------------------
; Table of Contents ;
---------------------
  1. Legal Notice
  2. Flow Summary
  3. Flow Settings
  4. Flow Non-Default Global Settings
  5. Flow Elapsed Time
  6. Flow OS Summary
  7. Flow Log
  8. Flow Messages
  9. Flow Suppressed Messages



----------------
; Legal Notice ;
----------------
Copyright (C) 2018  Intel Corporation. All rights reserved.
Your use of Intel Corporation's design tools, logic functions 
and other software and tools, and its AMPP partner logic 
functions, and any output files from any of the foregoing 
(including device programming or simulation files), and any 
associated documentation or information are expressly subject 
to the terms and conditions of the Intel Program License 
Subscription Agreement, the Intel Quartus Prime License Agreement,
the Intel FPGA IP License Agreement, or other applicable license
agreement, including, without limitation, that your use is for
the sole purpose of programming logic devices manufactured by
Intel and sold by Intel or its authorized distributors.  Please
refer to the applicable agreement for further details.



+-------------------------------------------------------------------------------+
; Flow Summary                                                                  ;
+---------------------------------+---------------------------------------------+
; Flow Status                     ; Successful - Sat May 30 15:37:02 2026       ;
; Quartus Prime Version           ; 18.1.0 Build 625 09/12/2018 SJ Lite Edition ;
; Revision Name                   ; doan                                        ;
; Top-level Entity Name           ; doan_top                                    ;
; Family                          ; Cyclone V                                   ;
; Device                          ; 5CSEMA5F31C6                                ;
; Timing Models                   ; Final                                       ;
; Logic utilization (in ALMs)     ; 1,623 / 32,070 ( 5 % )                      ;
; Total registers                 ; 2513                                        ;
; Total pins                      ; 107 / 457 ( 23 % )                          ;
; Total virtual pins              ; 6                                           ;
; Total block memory bits         ; 339,072 / 4,065,280 ( 8 % )                 ;
; Total DSP Blocks                ; 4 / 87 ( 5 % )                              ;
; Total HSSI RX PCSs              ; 0                                           ;
; Total HSSI PMA RX Deserializers ; 0                                           ;
; Total HSSI TX PCSs              ; 0                                           ;
; Total HSSI PMA TX Serializers   ; 0                                           ;
; Total PLLs                      ; 2 / 6 ( 33 % )                              ;
; Total DLLs                      ; 0 / 4 ( 0 % )                               ;
+---------------------------------+---------------------------------------------+


+-----------------------------------------+
; Flow Settings                           ;
+-------------------+---------------------+
; Option            ; Setting             ;
+-------------------+---------------------+
; Start date & time ; 05/30/2026 15:34:00 ;
; Main task         ; Compilation         ;
; Revision Name     ; doan                ;
+-------------------+---------------------+


+------------------------------------------------------------------------------------------------------------------------------------------------+
; Flow Non-Default Global Settings                                                                                                               ;
+--------------------------------------+----------------------------------------------------------+---------------+-------------+----------------+
; Assignment Name                      ; Value                                                    ; Default Value ; Entity Name ; Section Id     ;
+--------------------------------------+----------------------------------------------------------+---------------+-------------+----------------+
; COMPILER_SIGNATURE_ID                ; 10995770589192.178013004025308                           ; --            ; --          ; --             ;
; EDA_DESIGN_INSTANCE_NAME             ; NA                                                       ; --            ; --          ; tb             ;
; EDA_NATIVELINK_SIMULATION_TEST_BENCH ; tb                                                       ; --            ; --          ; eda_simulation ;
; EDA_OUTPUT_DATA_FORMAT               ; Verilog Hdl                                              ; --            ; --          ; eda_simulation ;
; EDA_SIMULATION_TOOL                  ; ModelSim-Altera (Verilog)                                ; <None>        ; --          ; --             ;
; EDA_TEST_BENCH_ENABLE_STATUS         ; TEST_BENCH_MODE                                          ; --            ; --          ; eda_simulation ;
; EDA_TEST_BENCH_FILE                  ; tb.v                                                     ; --            ; --          ; tb             ;
; EDA_TEST_BENCH_MODULE_NAME           ; tb                                                       ; --            ; --          ; tb             ;
; EDA_TEST_BENCH_NAME                  ; tb                                                       ; --            ; --          ; eda_simulation ;
; EDA_TIME_SCALE                       ; 1 ps                                                     ; --            ; --          ; eda_simulation ;
; FITTER_EFFORT                        ; Standard Fit                                             ; Auto Fit      ; --          ; --             ;
; FLOW_ENABLE_RTL_VIEWER               ; On                                                       ; Off           ; --          ; --             ;
; MAX_CORE_JUNCTION_TEMP               ; 85                                                       ; --            ; --          ; --             ;
; MIN_CORE_JUNCTION_TEMP               ; 0                                                        ; --            ; --          ; --             ;
; MISC_FILE                            ; system/synthesis/../system.cmp                           ; --            ; --          ; --             ;
; MISC_FILE                            ; system/synthesis/../../system.qsys                       ; --            ; --          ; --             ;
; MISC_FILE                            ; sys_pll.cmp                                              ; --            ; --          ; --             ;
; MISC_FILE                            ; sys_pll_sim/sys_pll.vo                                   ; --            ; --          ; --             ;
; MISC_FILE                            ; vga_pll.cmp                                              ; --            ; --          ; --             ;
; MISC_FILE                            ; vga_pll_sim/vga_pll.vo                                   ; --            ; --          ; --             ;
; MISC_FILE                            ; video_dcfifo_bb.v                                        ; --            ; --          ; --             ;
; MUX_RESTRUCTURE                      ; Off                                                      ; Auto          ; --          ; --             ;
; NUM_PARALLEL_PROCESSORS              ; All                                                      ; --            ; --          ; --             ;
; OPTIMIZATION_MODE                    ; Aggressive Performance                                   ; Balanced      ; --          ; --             ;
; OPTIMIZATION_TECHNIQUE               ; Speed                                                    ; Balanced      ; --          ; --             ;
; PARTITION_COLOR                      ; -- (Not supported for targeted family)                   ; --            ; doan_top    ; Top            ;
; PARTITION_FITTER_PRESERVATION_LEVEL  ; -- (Not supported for targeted family)                   ; --            ; doan_top    ; Top            ;
; PARTITION_NETLIST_TYPE               ; -- (Not supported for targeted family)                   ; --            ; doan_top    ; Top            ;
; PHYSICAL_SYNTHESIS_COMBO_LOGIC       ; On                                                       ; Off           ; --          ; --             ;
; PHYSICAL_SYNTHESIS_REGISTER_RETIMING ; On                                                       ; Off           ; --          ; --             ;
; PLACEMENT_EFFORT_MULTIPLIER          ; 4.0                                                      ; 1.0           ; --          ; --             ;
; POWER_BOARD_THERMAL_MODEL            ; None (CONSERVATIVE)                                      ; --            ; --          ; --             ;
; POWER_PRESET_COOLING_SOLUTION        ; 23 MM HEAT SINK WITH 200 LFPM AIRFLOW                    ; --            ; --          ; --             ;
; PROJECT_OUTPUT_DIRECTORY             ; output_files                                             ; --            ; --          ; --             ;
; ROUTER_TIMING_OPTIMIZATION_LEVEL     ; MAXIMUM                                                  ; Normal        ; --          ; --             ;
; SLD_FILE                             ; system/synthesis/system.regmap                           ; --            ; --          ; --             ;
; SLD_FILE                             ; system/synthesis/system.debuginfo                        ; --            ; --          ; --             ;
; SLD_INFO                             ; QSYS_NAME system HAS_SOPCINFO 1 GENERATION_ID 1780118583 ; --            ; system      ; --             ;
; SOPCINFO_FILE                        ; system/synthesis/../../system.sopcinfo                   ; --            ; --          ; --             ;
; SPD_FILE                             ; sys_pll.spd                                              ; --            ; --          ; --             ;
; SPD_FILE                             ; vga_pll.spd                                              ; --            ; --          ; --             ;
; SYNTHESIS_ONLY_QIP                   ; On                                                       ; --            ; --          ; --             ;
; SYNTHESIS_ONLY_QIP                   ; On                                                       ; --            ; --          ; --             ;
; SYNTHESIS_ONLY_QIP                   ; On                                                       ; --            ; --          ; --             ;
; TOP_LEVEL_ENTITY                     ; doan_top                                                 ; doan          ; --          ; --             ;
+--------------------------------------+----------------------------------------------------------+---------------+-------------+----------------+


+--------------------------------------------------------------------------------------------------------------------------+
; Flow Elapsed Time                                                                                                        ;
+----------------------+--------------+-------------------------+---------------------+------------------------------------+
; Module Name          ; Elapsed Time ; Average Processors Used ; Peak Virtual Memory ; Total CPU Time (on all processors) ;
+----------------------+--------------+-------------------------+---------------------+------------------------------------+
; Analysis & Synthesis ; 00:00:28     ; 1.0                     ; 5085 MB             ; 00:00:43                           ;
; Fitter               ; 00:02:11     ; 1.2                     ; 7795 MB             ; 00:11:15                           ;
; Assembler            ; 00:00:06     ; 1.0                     ; 4901 MB             ; 00:00:05                           ;
; Timing Analyzer      ; 00:00:08     ; 2.5                     ; 5489 MB             ; 00:00:17                           ;
; EDA Netlist Writer   ; 00:00:03     ; 1.0                     ; 4931 MB             ; 00:00:03                           ;
; Total                ; 00:02:56     ; --                      ; --                  ; 00:12:23                           ;
+----------------------+--------------+-------------------------+---------------------+------------------------------------+


+------------------------------------------------------------------------------------+
; Flow OS Summary                                                                    ;
+----------------------+------------------+------------+------------+----------------+
; Module Name          ; Machine Hostname ; OS Name    ; OS Version ; Processor type ;
+----------------------+------------------+------------+------------+----------------+
; Analysis & Synthesis ; ZUYYYY           ; Windows 10 ; 10.0       ; x86_64         ;
; Fitter               ; ZUYYYY           ; Windows 10 ; 10.0       ; x86_64         ;
; Assembler            ; ZUYYYY           ; Windows 10 ; 10.0       ; x86_64         ;
; Timing Analyzer      ; ZUYYYY           ; Windows 10 ; 10.0       ; x86_64         ;
; EDA Netlist Writer   ; ZUYYYY           ; Windows 10 ; 10.0       ; x86_64         ;
+----------------------+------------------+------------+------------+----------------+


------------
; Flow Log ;
------------
quartus_map --read_settings_files=on --write_settings_files=off doan -c doan
quartus_fit --read_settings_files=off --write_settings_files=off doan -c doan
quartus_asm --read_settings_files=off --write_settings_files=off doan -c doan
quartus_sta doan -c doan
quartus_eda --read_settings_files=off --write_settings_files=off doan -c doan



