------------------------------------------------------------
Timing Analyzer Summary
------------------------------------------------------------

Type  : Slow 1100mV 85C Model Setup 'u_sys_pll|sys_pll_inst|altera_pll_i|general[0].gpll~PLL_OUTPUT_COUNTER|divclk'
Slack : -10.071
TNS   : -10.071

Type  : Slow 1100mV 85C Model Setup 'altera_reserved_tck'
Slack : 12.442
TNS   : 0.000

Type  : Slow 1100mV 85C Model Setup 'u_vga_pll|vga_pll_inst|altera_pll_i|general[0].gpll~PLL_OUTPUT_COUNTER|divclk'
Slack : 26.966
TNS   : 0.000

Type  : Slow 1100mV 85C Model Setup 'CAM_PCLK'
Slack : 37.043
TNS   : 0.000

Type  : Slow 1100mV 85C Model Hold 'altera_reserved_tck'
Slack : 0.122
TNS   : 0.000

Type  : Slow 1100mV 85C Model Hold 'u_sys_pll|sys_pll_inst|altera_pll_i|general[0].gpll~PLL_OUTPUT_COUNTER|divclk'
Slack : 0.183
TNS   : 0.000

Type  : Slow 1100mV 85C Model Hold 'u_vga_pll|vga_pll_inst|altera_pll_i|general[0].gpll~PLL_OUTPUT_COUNTER|divclk'
Slack : 0.268
TNS   : 0.000

Type  : Slow 1100mV 85C Model Hold 'CAM_PCLK'
Slack : 0.295
TNS   : 0.000

Type  : Slow 1100mV 85C Model Recovery 'u_sys_pll|sys_pll_inst|altera_pll_i|general[0].gpll~PLL_OUTPUT_COUNTER|divclk'
Slack : 14.054
TNS   : 0.000

Type  : Slow 1100mV 85C Model Recovery 'altera_reserved_tck'
Slack : 15.149
TNS   : 0.000

Type  : Slow 1100mV 85C Model Removal 'altera_reserved_tck'
Slack : 0.974
TNS   : 0.000

Type  : Slow 1100mV 85C Model Removal 'u_sys_pll|sys_pll_inst|altera_pll_i|general[0].gpll~PLL_OUTPUT_COUNTER|divclk'
Slack : 0.980
TNS   : 0.000

Type  : Slow 1100mV 85C Model Minimum Pulse Width 'u_sys_pll|sys_pll_inst|altera_pll_i|general[0].gpll~FRACTIONAL_PLL|vcoph[0]'
Slack : 0.416
TNS   : 0.000

Type  : Slow 1100mV 85C Model Minimum Pulse Width 'u_vga_pll|vga_pll_inst|altera_pll_i|general[0].gpll~FRACTIONAL_PLL|vcoph[0]'
Slack : 1.241
TNS   : 0.000

Type  : Slow 1100mV 85C Model Minimum Pulse Width 'u_sys_pll|sys_pll_inst|altera_pll_i|general[0].gpll~PLL_OUTPUT_COUNTER|divclk'
Slack : 8.772
TNS   : 0.000

Type  : Slow 1100mV 85C Model Minimum Pulse Width 'CLOCK_50'
Slack : 9.670
TNS   : 0.000

Type  : Slow 1100mV 85C Model Minimum Pulse Width 'altera_reserved_tck'
Slack : 15.564
TNS   : 0.000

Type  : Slow 1100mV 85C Model Minimum Pulse Width 'u_vga_pll|vga_pll_inst|altera_pll_i|general[0].gpll~PLL_OUTPUT_COUNTER|divclk'
Slack : 18.634
TNS   : 0.000

Type  : Slow 1100mV 85C Model Minimum Pulse Width 'CAM_PCLK'
Slack : 19.355
TNS   : 0.000

Type  : Slow 1100mV 0C Model Setup 'u_sys_pll|sys_pll_inst|altera_pll_i|general[0].gpll~PLL_OUTPUT_COUNTER|divclk'
Slack : -9.498
TNS   : -9.498

Type  : Slow 1100mV 0C Model Setup 'altera_reserved_tck'
Slack : 12.504
TNS   : 0.000

Type  : Slow 1100mV 0C Model Setup 'u_vga_pll|vga_pll_inst|altera_pll_i|general[0].gpll~PLL_OUTPUT_COUNTER|divclk'
Slack : 26.757
TNS   : 0.000

Type  : Slow 1100mV 0C Model Setup 'CAM_PCLK'
Slack : 36.948
TNS   : 0.000

Type  : Slow 1100mV 0C Model Hold 'altera_reserved_tck'
Slack : 0.108
TNS   : 0.000

Type  : Slow 1100mV 0C Model Hold 'u_sys_pll|sys_pll_inst|altera_pll_i|general[0].gpll~PLL_OUTPUT_COUNTER|divclk'
Slack : 0.131
TNS   : 0.000

Type  : Slow 1100mV 0C Model Hold 'u_vga_pll|vga_pll_inst|altera_pll_i|general[0].gpll~PLL_OUTPUT_COUNTER|divclk'
Slack : 0.235
TNS   : 0.000

Type  : Slow 1100mV 0C Model Hold 'CAM_PCLK'
Slack : 0.278
TNS   : 0.000

Type  : Slow 1100mV 0C Model Recovery 'u_sys_pll|sys_pll_inst|altera_pll_i|general[0].gpll~PLL_OUTPUT_COUNTER|divclk'
Slack : 14.337
TNS   : 0.000

Type  : Slow 1100mV 0C Model Recovery 'altera_reserved_tck'
Slack : 15.258
TNS   : 0.000

Type  : Slow 1100mV 0C Model Removal 'u_sys_pll|sys_pll_inst|altera_pll_i|general[0].gpll~PLL_OUTPUT_COUNTER|divclk'
Slack : 0.900
TNS   : 0.000

Type  : Slow 1100mV 0C Model Removal 'altera_reserved_tck'
Slack : 0.913
TNS   : 0.000

Type  : Slow 1100mV 0C Model Minimum Pulse Width 'u_sys_pll|sys_pll_inst|altera_pll_i|general[0].gpll~FRACTIONAL_PLL|vcoph[0]'
Slack : 0.416
TNS   : 0.000

Type  : Slow 1100mV 0C Model Minimum Pulse Width 'u_vga_pll|vga_pll_inst|altera_pll_i|general[0].gpll~FRACTIONAL_PLL|vcoph[0]'
Slack : 1.241
TNS   : 0.000

Type  : Slow 1100mV 0C Model Minimum Pulse Width 'u_sys_pll|sys_pll_inst|altera_pll_i|general[0].gpll~PLL_OUTPUT_COUNTER|divclk'
Slack : 8.752
TNS   : 0.000

Type  : Slow 1100mV 0C Model Minimum Pulse Width 'CLOCK_50'
Slack : 9.673
TNS   : 0.000

Type  : Slow 1100mV 0C Model Minimum Pulse Width 'altera_reserved_tck'
Slack : 15.538
TNS   : 0.000

Type  : Slow 1100mV 0C Model Minimum Pulse Width 'u_vga_pll|vga_pll_inst|altera_pll_i|general[0].gpll~PLL_OUTPUT_COUNTER|divclk'
Slack : 18.617
TNS   : 0.000

Type  : Slow 1100mV 0C Model Minimum Pulse Width 'CAM_PCLK'
Slack : 19.330
TNS   : 0.000

Type  : Fast 1100mV 85C Model Setup 'u_sys_pll|sys_pll_inst|altera_pll_i|general[0].gpll~PLL_OUTPUT_COUNTER|divclk'
Slack : -6.413
TNS   : -6.413

Type  : Fast 1100mV 85C Model Setup 'altera_reserved_tck'
Slack : 14.478
TNS   : 0.000

Type  : Fast 1100mV 85C Model Setup 'u_vga_pll|vga_pll_inst|altera_pll_i|general[0].gpll~PLL_OUTPUT_COUNTER|divclk'
Slack : 32.508
TNS   : 0.000

Type  : Fast 1100mV 85C Model Setup 'CAM_PCLK'
Slack : 39.148
TNS   : 0.000

Type  : Fast 1100mV 85C Model Hold 'altera_reserved_tck'
Slack : 0.031
TNS   : 0.000

Type  : Fast 1100mV 85C Model Hold 'u_sys_pll|sys_pll_inst|altera_pll_i|general[0].gpll~PLL_OUTPUT_COUNTER|divclk'
Slack : 0.117
TNS   : 0.000

Type  : Fast 1100mV 85C Model Hold 'u_vga_pll|vga_pll_inst|altera_pll_i|general[0].gpll~PLL_OUTPUT_COUNTER|divclk'
Slack : 0.126
TNS   : 0.000

Type  : Fast 1100mV 85C Model Hold 'CAM_PCLK'
Slack : 0.166
TNS   : 0.000

Type  : Fast 1100mV 85C Model Recovery 'u_sys_pll|sys_pll_inst|altera_pll_i|general[0].gpll~PLL_OUTPUT_COUNTER|divclk'
Slack : 15.762
TNS   : 0.000

Type  : Fast 1100mV 85C Model Recovery 'altera_reserved_tck'
Slack : 16.211
TNS   : 0.000

Type  : Fast 1100mV 85C Model Removal 'altera_reserved_tck'
Slack : 0.464
TNS   : 0.000

Type  : Fast 1100mV 85C Model Removal 'u_sys_pll|sys_pll_inst|altera_pll_i|general[0].gpll~PLL_OUTPUT_COUNTER|divclk'
Slack : 0.542
TNS   : 0.000

Type  : Fast 1100mV 85C Model Minimum Pulse Width 'u_sys_pll|sys_pll_inst|altera_pll_i|general[0].gpll~FRACTIONAL_PLL|vcoph[0]'
Slack : 0.416
TNS   : 0.000

Type  : Fast 1100mV 85C Model Minimum Pulse Width 'u_vga_pll|vga_pll_inst|altera_pll_i|general[0].gpll~FRACTIONAL_PLL|vcoph[0]'
Slack : 1.241
TNS   : 0.000

Type  : Fast 1100mV 85C Model Minimum Pulse Width 'u_sys_pll|sys_pll_inst|altera_pll_i|general[0].gpll~PLL_OUTPUT_COUNTER|divclk'
Slack : 8.888
TNS   : 0.000

Type  : Fast 1100mV 85C Model Minimum Pulse Width 'CLOCK_50'
Slack : 9.336
TNS   : 0.000

Type  : Fast 1100mV 85C Model Minimum Pulse Width 'altera_reserved_tck'
Slack : 15.445
TNS   : 0.000

Type  : Fast 1100mV 85C Model Minimum Pulse Width 'u_vga_pll|vga_pll_inst|altera_pll_i|general[0].gpll~PLL_OUTPUT_COUNTER|divclk'
Slack : 18.749
TNS   : 0.000

Type  : Fast 1100mV 85C Model Minimum Pulse Width 'CAM_PCLK'
Slack : 18.997
TNS   : 0.000

Type  : Fast 1100mV 0C Model Setup 'u_sys_pll|sys_pll_inst|altera_pll_i|general[0].gpll~PLL_OUTPUT_COUNTER|divclk'
Slack : -5.429
TNS   : -5.429

Type  : Fast 1100mV 0C Model Setup 'altera_reserved_tck'
Slack : 14.802
TNS   : 0.000

Type  : Fast 1100mV 0C Model Setup 'u_vga_pll|vga_pll_inst|altera_pll_i|general[0].gpll~PLL_OUTPUT_COUNTER|divclk'
Slack : 32.949
TNS   : 0.000

Type  : Fast 1100mV 0C Model Setup 'CAM_PCLK'
Slack : 39.292
TNS   : 0.000

Type  : Fast 1100mV 0C Model Hold 'altera_reserved_tck'
Slack : 0.018
TNS   : 0.000

Type  : Fast 1100mV 0C Model Hold 'u_sys_pll|sys_pll_inst|altera_pll_i|general[0].gpll~PLL_OUTPUT_COUNTER|divclk'
Slack : 0.079
TNS   : 0.000

Type  : Fast 1100mV 0C Model Hold 'u_vga_pll|vga_pll_inst|altera_pll_i|general[0].gpll~PLL_OUTPUT_COUNTER|divclk'
Slack : 0.117
TNS   : 0.000

Type  : Fast 1100mV 0C Model Hold 'CAM_PCLK'
Slack : 0.124
TNS   : 0.000

Type  : Fast 1100mV 0C Model Recovery 'u_sys_pll|sys_pll_inst|altera_pll_i|general[0].gpll~PLL_OUTPUT_COUNTER|divclk'
Slack : 16.316
TNS   : 0.000

Type  : Fast 1100mV 0C Model Recovery 'altera_reserved_tck'
Slack : 16.341
TNS   : 0.000

Type  : Fast 1100mV 0C Model Removal 'altera_reserved_tck'
Slack : 0.409
TNS   : 0.000

Type  : Fast 1100mV 0C Model Removal 'u_sys_pll|sys_pll_inst|altera_pll_i|general[0].gpll~PLL_OUTPUT_COUNTER|divclk'
Slack : 0.487
TNS   : 0.000

Type  : Fast 1100mV 0C Model Minimum Pulse Width 'u_sys_pll|sys_pll_inst|altera_pll_i|general[0].gpll~FRACTIONAL_PLL|vcoph[0]'
Slack : 0.416
TNS   : 0.000

Type  : Fast 1100mV 0C Model Minimum Pulse Width 'u_vga_pll|vga_pll_inst|altera_pll_i|general[0].gpll~FRACTIONAL_PLL|vcoph[0]'
Slack : 1.241
TNS   : 0.000

Type  : Fast 1100mV 0C Model Minimum Pulse Width 'u_sys_pll|sys_pll_inst|altera_pll_i|general[0].gpll~PLL_OUTPUT_COUNTER|divclk'
Slack : 8.886
TNS   : 0.000

Type  : Fast 1100mV 0C Model Minimum Pulse Width 'CLOCK_50'
Slack : 9.286
TNS   : 0.000

Type  : Fast 1100mV 0C Model Minimum Pulse Width 'altera_reserved_tck'
Slack : 15.430
TNS   : 0.000

Type  : Fast 1100mV 0C Model Minimum Pulse Width 'u_vga_pll|vga_pll_inst|altera_pll_i|general[0].gpll~PLL_OUTPUT_COUNTER|divclk'
Slack : 18.750
TNS   : 0.000

Type  : Fast 1100mV 0C Model Minimum Pulse Width 'CAM_PCLK'
Slack : 18.955
TNS   : 0.000

------------------------------------------------------------
